=========================================================================
 iBot Runtime 7.4.1  |  Execution Log
=========================================================================
Process      : CLM_ClaimIntake
BotNumber    : BOT101
ServiceLine  : CLAIMS_PROC
Machine      : VM-CLM-22
RunId        : 20260911-b19f40
QueueItem    : 8841902
Started      : 11-09-2026 06:30:01.117
-------------------------------------------------------------------------
11-09-2026 06:30:01.117 [INFO ] [T:01] Runtime initialised (v7.4.1, .NET 4.8.9256.0)
11-09-2026 06:30:01.190 [INFO ] [T:01] Queue item 8841902 dequeued (BatchId=2210)
11-09-2026 06:30:02.556 [INFO ] [T:01] LaunchApp: C:\Apps\ClaimsDesk\claimsdesk.exe (pid 9044)
11-09-2026 06:30:09.881 [INFO ] [T:01] Window found: 'ClaimsDesk - Sign In'
11-09-2026 06:30:09.902 [INFO ] [T:01] GetCredential: VAULT:SVC_CLAIMS_BOT ok
11-09-2026 06:30:12.004 [INFO ] [T:01] Login submitted for SVC_CLAIMS_BOT
11-09-2026 06:30:14.338 [WARN ] [T:01] Login returned non-success banner, retrying 1/2
11-09-2026 06:30:19.551 [WARN ] [T:01] Login returned non-success banner, retrying 2/2
11-09-2026 06:30:24.770 [ERROR] [T:01] Activity 'AuthenticateToClaimsDesk' failed after 2 attempts
11-09-2026 06:30:24.773 [ERROR] [T:01] iBot.Security.CredentialExpiredException: Credential 'SVC_CLAIMS_BOT' was rejected by endpoint https://claimsdesk.internal:8443/auth (HTTP 401, reason 'password_expired'). Password last changed 2026-06-13T02:11:44Z, policy max age 90 days.
   at iBot.Security.CredentialStore.Authenticate(String asset, Uri endpoint) in C:\build\ibot\src\Security\CredentialStore.cs:line 205
   at iBot.Activities.Auth.LoginActivity.Execute(ActivityContext context) in C:\build\ibot\src\Activities\Auth\LoginActivity.cs:line 58
   at iBot.Runtime.RetryScope.Execute(ActivityContext context, Int32 attempt) in C:\build\ibot\src\Runtime\RetryScope.cs:line 147
   at iBot.Runtime.Engine.RunProcess(ProcessDefinition def, QueueItem item) in C:\build\ibot\src\Runtime\Engine.cs:line 588
11-09-2026 06:30:24.820 [INFO ] [T:01] Screenshot captured: D:\ibot\data\CLAIMS_PROC\BOT101\2026\09\11\logs\user logs\screenshot\BOT101_20260911_063024_20260911-b19f40.png
11-09-2026 06:30:24.826 [ERROR] [T:01] Queue item 8841902 marked Failed
11-09-2026 06:30:25.990 [INFO ] [T:01] CloseApp claimsdesk.exe (pid 9044)
11-09-2026 06:30:26.010 [INFO ] [T:01] Run terminated with status FAILED after 00:00:24
