=========================================================================
 iBot Runtime 7.4.2  |  Execution Log
=========================================================================
Process      : AP_RemittancePosting
BotNumber    : BOT203
ServiceLine  : FINANCE_AP
Machine      : VM-FIN-09
RunId        : 20260911-77a03b
QueueItem    : 8842209
Started      : 11-09-2026 11:02:07.554
-------------------------------------------------------------------------
11-09-2026 11:02:07.554 [INFO ] [T:01] Runtime initialised (v7.4.2, .NET 4.8.9256.0)
11-09-2026 11:02:07.611 [INFO ] [T:01] Queue item 8842209 dequeued (BatchId=4479)
11-09-2026 11:02:08.998 [INFO ] [T:01] LaunchApp: C:\Apps\PolCore\polcore.exe (pid 5188)
11-09-2026 11:02:16.330 [INFO ] [T:01] Window found: 'PolCore - Main'
11-09-2026 11:02:16.771 [INFO ] [T:01] OpenWorkbook: D:\ibot\input\batch_4479\remittance_4479.xlsx
11-09-2026 11:02:18.004 [WARN ] [T:01] Excel COM call slow (1233ms) - host may be under load
11-09-2026 11:02:48.229 [WARN ] [T:01] Excel COM call did not return within 30000ms, attempt 1/2
11-09-2026 11:03:19.441 [WARN ] [T:01] Excel COM call did not return within 30000ms, attempt 2/2
11-09-2026 11:03:19.446 [ERROR] [T:01] Activity 'OpenRemittanceWorkbook' failed after 2 attempts
11-09-2026 11:03:19.448 [ERROR] [T:01] iBot.Core.ActivityException: Activity 'OpenRemittanceWorkbook' failed after 2 attempts. ---> System.Runtime.InteropServices.COMException (0x800A03EC): Microsoft Excel is waiting for another application to complete an OLE action. (Exception from HRESULT: 0x800A03EC)
   at Microsoft.Office.Interop.Excel.Workbooks.Open(String Filename, Object UpdateLinks, Object ReadOnly, Object Format, Object Password)
   at iBot.Activities.Excel.OpenWorkbookActivity.Execute(ActivityContext context) in C:\build\ibot\src\Activities\Excel\OpenWorkbookActivity.cs:line 74
   --- End of inner exception stack trace ---
   at iBot.Runtime.RetryScope.Execute(ActivityContext context, Int32 attempt) in C:\build\ibot\src\Runtime\RetryScope.cs:line 147
   at iBot.Runtime.Sequence.RunNext(ActivityContext context, Int32 step) in C:\build\ibot\src\Runtime\Sequence.cs:line 233
   at iBot.Runtime.Engine.RunProcess(ProcessDefinition def, QueueItem item) in C:\build\ibot\src\Runtime\Engine.cs:line 611
11-09-2026 11:03:19.502 [INFO ] [T:01] Screenshot captured: D:\ibot\data\FINANCE_AP\BOT203\2026\09\11\logs\user logs\screenshot\BOT203_20260911_110319_20260911-77a03b.png
11-09-2026 11:03:19.510 [ERROR] [T:01] Queue item 8842209 marked Failed (row 0 of 0)
11-09-2026 11:03:21.004 [WARN ] [T:01] CloseApp polcore.exe: process did not exit cleanly, killed (pid 5188)
11-09-2026 11:03:21.120 [INFO ] [T:01] Run terminated with status FAILED after 00:01:13
